+ ◆ a -----------------------++ b -------------------------+
|alpha                       ||bravo                       |
|                            ||                            |
|                            ||                            |
|                            ||                            |
|                            ||                            |
|                            ||                            |
+ /home/dev -----------------++ /home/dev -----------------+
+ c -------------------------++ d -------------------------+
|                            ||                            |
|                            ||                            |
|                            ||                            |
|                            ||                            |
|                            ||                            |
+ /home/dev -----------------++ /home/dev -----------------+
[passthrough] focus=a attach=idle lease=none v0.1.0 boot=boo