+ ◆ a -----------------------++ b -------------------------+
|live                        ||gone                        |
|                            ||                            |
|                            ||                            |
|                            ||                            |
|                            ||                            |
|                            ||                            |
+ /home/dev -----------------++ [stopped: exit 1] · /home… +
+ c -------------------------++ d -------------------------+
|back                        ||                            |
|                            ||                            |
|                            ||                            |
|                            ||                            |
|                            ||                            |
+ [restarted] · /home/dev ---++ /home/dev -----------------+
[passthrough] focus=a attach=idle lease=none